
BOOT edge-health-monitor board=lm3s6965evb
BOOT boot_count=1 wd_resets=0
FRAME A5 5A 01 01 01 00 16 00 38 18 00 00 FC 12 00 00 98 03 00 00 78 00 00 00 00 00 00 00 00 00 C1 5E
FRAME A5 5A 01 01 02 00 16 00 92 18 00 00 FC 12 00 00 98 03 00 00 78 00 00 00 00 00 00 00 00 00 4A 13
FRAME A5 5A 01 01 03 00 16 00 EC 18 00 00 FC 12 00 00 98 03 00 00 78 00 00 00 00 00 00 00 00 00 AA 43
FRAME A5 5A 01 01 04 00 16 00 46 19 00 00 FC 12 00 00 98 03 00 00 78 00 00 00 00 00 00 00 00 00 D4 E0
FRAME A5 5A 01 01 05 00 16 00 A0 19 00 00 FC 12 00 00 98 03 00 00 78 00 00 00 00 00 00 00 00 00 24 73
FRAME A5 5A 01 01 06 00 16 00 FA 19 00 00 FC 12 00 00 98 03 00 00 78 00 00 00 00 00 00 00 00 00 50 75
FRAME A5 5A 01 01 07 00 16 00 54 1A 00 00 FC 12 00 00 98 03 00 00 78 00 00 00 00 00 00 00 00 00 5E 47
FRAME A5 5A 01 01 08 00 16 00 AE 1A 00 00 FC 12 00 00 98 03 00 00 78 00 00 00 00 00 00 00 00 00 AF 73
FRAME A5 5A 01 01 09 00 16 00 08 1B 00 00 FC 12 00 00 98 03 00 00 78 00 00 00 00 00 00 00 00 00 0B 05
FRAME A5 5A 01 01 0A 00 16 00 62 1B 00 00 FC 12 00 00 98 03 00 00 78 00 00 00 00 00 01 00 00 00 4D E8
FRAME A5 5A 01 01 0B 00 16 00 BC 1B 00 00 FC 12 00 00 98 03 00 00 78 00 00 00 00 00 01 00 00 00 07 CA
STAT boot=1
STAT wd_resets=0
STAT frames=11
STAT seq=12
STAT uptime_ms=1000
FRAME A5 5A 01 01 0C 00 16 00 16 1C 00 00 FC 12 00 00 98 03 00 00 78 00 00 00 00 00 01 00 00 00 1F 0F
FRAME A5 5A 01 01 0D 00 16 00 70 1C 00 00 FC 12 00 00 98 03 00 00 78 00 00 00 00 00 01 00 00 00 67 F4
FRAME A5 5A 01 01 0E 00 16 00 CA 1C 00 00 FC 12 00 00 98 03 00 00 78 00 00 00 00 00 01 00 00 00 FD B4
FRAME A5 5A 01 01 0F 00 16 00 24 1D 00 00 FC 12 00 00 1C 0C 00 00 78 00 00 00 00 00 01 00 00 00 04 DB
FRAME A5 5A 01 01 10 00 16 00 7E 1D 00 00 FC 12 00 00 98 03 00 00 78 00 00 00 00 00 01 00 00 00 5B E9
FRAME A5 5A 01 01 11 00 16 00 D8 1D 00 00 FC 12 00 00 98 03 00 00 78 00 00 00 00 00 01 00 00 00 EF 4E
FRAME A5 5A 01 01 12 00 16 00 32 1E 00 00 FC 12 00 00 98 03 00 00 70 03 00 00 00 00 01 00 00 00 86 1E
FRAME A5 5A 01 01 13 00 16 00 8C 1E 00 00 FC 12 00 00 98 03 00 00 78 00 00 00 00 00 01 00 00 00 3F 08
FRAME A5 5A 01 01 14 00 16 00 E6 1E 00 00 FC 12 00 00 98 03 00 00 78 00 00 00 00 00 02 00 00 00 9D 62
FRAME A5 5A 01 01 15 00 16 00 40 1F 00 00 FC 12 00 00 98 03 00 00 78 00 00 00 00 00 02 00 00 00 39 14
STAT boot=1
STAT wd_resets=0
STAT frames=21
STAT seq=22
STAT uptime_ms=2000
FRAME A5 5A 01 01 16 00 16 00 9A 1F 00 00 FC 12 00 00 98 03 00 00 78 00 00 00 00 00 02 00 00 00 C5 7A
FRAME A5 5A 01 01 17 00 16 00 F4 1F 00 00 FC 12 00 00 98 03 00 00 78 00 00 00 01 00 02 00 00 00 35 F6
FRAME A5 5A 01 01 18 00 16 00 4E 20 00 00 FC 12 00 00 98 03 00 00 78 00 00 00 00 00 02 00 00 00 4B 2B
FRAME A5 5A 01 01 19 00 16 00 38 18 00 00 FC 12 00 00 98 03 00 00 78 00 00 00 00 00 02 00 00 00 9E 66
FRAME A5 5A 01 01 1A 00 16 00 92 18 00 00 FC 12 00 00 98 03 00 00 78 00 00 00 00 00 02 00 00 00 15 2B
FRAME A5 5A 01 01 1B 00 16 00 EC 18 00 00 FC 12 00 00 98 03 00 00 78 00 00 00 00 00 02 00 00 00 F5 7B
FRAME A5 5A 01 01 1C 00 16 00 46 19 00 00 FC 12 00 00 98 03 00 00 78 00 00 00 00 00 02 00 00 00 8B D8
FRAME A5 5A 01 01 1D 00 16 00 A0 19 00 00 FC 12 00 00 98 03 00 00 78 00 00 00 00 00 02 00 00 00 7B 4B
FRAME A5 5A 01 01 1E 00 16 00 FA 19 00 00 FC 12 00 00 1C 0C 00 00 78 00 00 00 00 00 03 00 00 00 9E 3A
FRAME A5 5A 01 01 1F 00 16 00 54 1A 00 00 FC 12 00 00 98 03 00 00 78 00 00 00 00 00 03 00 00 00 00 83
STAT boot=1
STAT wd_resets=0
STAT frames=31
STAT seq=32
STAT uptime_ms=3000
FRAME A5 5A 01 01 20 00 16 00 AE 1A 00 00 FC 12 00 00 98 03 00 00 78 00 00 00 00 00 03 00 00 00 4E F7
FRAME A5 5A 01 01 21 00 16 00 08 1B 00 00 FC 12 00 00 98 03 00 00 78 00 00 00 00 00 03 00 00 00 EA 81
FRAME A5 5A 01 01 22 00 16 00 62 1B 00 00 FC 12 00 00 98 03 00 00 78 00 00 00 00 00 03 00 00 00 AD 90
FRAME A5 5A 01 01 23 00 16 00 BC 1B 00 00 FC 12 00 00 98 03 00 00 78 00 00 00 00 00 03 00 00 00 E7 B2
FRAME A5 5A 01 01 24 00 16 00 16 1C 00 00 FC 12 00 00 98 03 00 00 70 03 00 00 00 00 03 00 00 00 6A 6D
FRAME A5 5A 01 01 25 00 16 00 70 1C 00 00 FC 12 00 00 98 03 00 00 78 00 00 00 00 00 03 00 00 00 87 8C
FRAME A5 5A 01 01 26 00 16 00 CA 1C 00 00 FC 12 00 00 98 03 00 00 78 00 00 00 00 00 03 00 00 00 1D CC
FRAME A5 5A 01 01 27 00 16 00 24 1D 00 00 FC 12 00 00 98 03 00 00 78 00 00 00 00 00 03 00 00 00 74 28
FRAME A5 5A 01 01 28 00 16 00 7E 1D 00 00 FC 12 00 00 98 03 00 00 78 00 00 00 00 00 04 00 00 00 2E 1A
FRAME A5 5A 01 01 29 00 16 00 D8 1D 00 00 FC 12 00 00 98 03 00 00 78 00 00 00 00 00 04 00 00 00 9A BD
STAT boot=1
STAT wd_resets=0
STAT frames=41
STAT seq=42
STAT uptime_ms=4000
FRAME A5 5A 01 01 2A 00 16 00 32 1E 00 00 FC 12 00 00 98 03 00 00 78 00 00 00 00 00 04 00 00 00 66 F7
FRAME A5 5A 01 01 2B 00 16 00 8C 1E 00 00 FC 12 00 00 98 03 00 00 78 00 00 00 00 00 04 00 00 00 4A FB
FRAME A5 5A 01 01 2C 00 16 00 E6 1E 00 00 FC 12 00 00 98 03 00 00 78 00 00 00 00 00 04 00 00 00 E8 D5
FRAME A5 5A 01 01 2D 00 16 00 40 1F 00 00 FC 12 00 00 1C 0C 00 00 78 00 00 00 00 00 04 00 00 00 DC 28
FRAME A5 5A 01 01 2E 00 16 00 9A 1F 00 00 FC 12 00 00 98 03 00 00 78 00 00 00 01 00 04 00 00 00 B1 1C
FRAME A5 5A 01 01 2F 00 16 00 F4 1F 00 00 FC 12 00 00 98 03 00 00 78 00 00 00 00 00 04 00 00 00 41 90
FRAME A5 5A 01 01 30 00 16 00 4E 20 00 00 FC 12 00 00 98 03 00 00 78 00 00 00 00 00 04 00 00 00 AA 63
FRAME A5 5A 01 01 31 00 16 00 38 18 00 00 FC 12 00 00 98 03 00 00 78 00 00 00 00 00 04 00 00 00 7F 2E
FRAME A5 5A 01 01 32 00 16 00 92 18 00 00 FC 12 00 00 98 03 00 00 78 00 00 00 00 00 05 00 00 00 F5 9F
FRAME A5 5A 01 01 33 00 16 00 EC 18 00 00 FC 12 00 00 98 03 00 00 78 00 00 00 00 00 05 00 00 00 15 CF
STAT boot=1
STAT wd_resets=0
STAT frames=51
STAT seq=52
STAT uptime_ms=5000
FRAME A5 5A 01 01 34 00 16 00 46 19 00 00 FC 12 00 00 98 03 00 00 78 00 00 00 00 00 05 00 00 00 6B 6C
FRAME A5 5A 01 01 35 00 16 00 A0 19 00 00 FC 12 00 00 98 03 00 00 78 00 00 00 00 00 05 00 00 00 9B FF
FRAME A5 5A 01 01 36 00 16 00 FA 19 00 00 FC 12 00 00 98 03 00 00 70 03 00 00 00 00 05 00 00 00 7A E3
FRAME A5 5A 01 01 37 00 16 00 54 1A 00 00 FC 12 00 00 98 03 00 00 78 00 00 00 00 00 05 00 00 00 E1 CB
FRAME A5 5A 01 01 38 00 16 00 AE 1A 00 00 FC 12 00 00 98 03 00 00 78 00 00 00 00 00 05 00 00 00 10 FF
FRAME A5 5A 01 01 39 00 16 00 08 1B 00 00 FC 12 00 00 98 03 00 00 78 00 00 00 00 00 05 00 00 00 B4 89
FRAME A5 5A 01 01 3A 00 16 00 62 1B 00 00 FC 12 00 00 98 03 00 00 78 00 00 00 00 00 05 00 00 00 F3 98
FRAME A5 5A 01 01 3B 00 16 00 BC 1B 00 00 FC 12 00 00 98 03 00 00 78 00 00 00 00 00 05 00 00 00 B9 BA
FRAME A5 5A 01 01 3C 00 16 00 16 1C 00 00 FC 12 00 00 1C 0C 00 00 78 00 00 00 00 00 06 00 00 00 31 B0
FRAME A5 5A 01 01 3D 00 16 00 70 1C 00 00 FC 12 00 00 98 03 00 00 78 00 00 00 00 00 06 00 00 00 D9 C0
STAT boot=1
STAT wd_resets=0
STAT frames=61
STAT seq=62
STAT uptime_ms=6000
FRAME A5 5A 01 01 3E 00 16 00 CA 1C 00 00 FC 12 00 00 98 03 00 00 78 00 00 00 00 00 06 00 00 00 43 80
FRAME A5 5A 01 01 3F 00 16 00 24 1D 00 00 FC 12 00 00 98 03 00 00 78 00 00 00 00 00 06 00 00 00 2A 64
FRAME A5 5A 01 01 40 00 16 00 7E 1D 00 00 FC 12 00 00 98 03 00 00 78 00 00 00 00 00 06 00 00 00 9B 5C
FRAME A5 5A 01 01 41 00 16 00 D8 1D 00 00 FC 12 00 00 98 03 00 00 78 00 00 00 00 00 06 00 00 00 2F FB
FRAME A5 5A 01 01 42 00 16 00 32 1E 00 00 FC 12 00 00 98 03 00 00 78 00 00 00 00 00 06 00 00 00 D3 B1
FRAME A5 5A 01 01 43 00 16 00 8C 1E 00 00 FC 12 00 00 98 03 00 00 78 00 00 00 00 00 06 00 00 00 FF BD
FRAME A5 5A 01 01 44 00 16 00 E6 1E 00 00 FC 12 00 00 98 03 00 00 78 00 00 00 00 00 06 00 00 00 5D 93
FRAME A5 5A 01 01 45 00 16 00 40 1F 00 00 FC 12 00 00 98 03 00 00 78 00 00 00 01 00 06 00 00 00 F8 34
FRAME A5 5A 01 01 46 00 16 00 9A 1F 00 00 FC 12 00 00 98 03 00 00 78 00 00 00 00 00 07 00 00 00 04 77
FRAME A5 5A 01 01 47 00 16 00 F4 1F 00 00 FC 12 00 00 98 03 00 00 78 00 00 00 00 00 07 00 00 00 F5 2A
STAT boot=1
STAT wd_resets=0
STAT frames=71
STAT seq=72
STAT uptime_ms=7000
FRAME A5 5A 01 01 48 00 16 00 4E 20 00 00 FC 12 00 00 98 03 00 00 70 03 00 00 00 00 07 00 00 00 1F 3C
FRAME A5 5A 01 01 49 00 16 00 38 18 00 00 FC 12 00 00 98 03 00 00 78 00 00 00 00 00 07 00 00 00 5F 6B
FRAME A5 5A 01 01 4A 00 16 00 92 18 00 00 FC 12 00 00 98 03 00 00 78 00 00 00 00 00 07 00 00 00 D4 26
FRAME A5 5A 01 01 4B 00 16 00 EC 18 00 00 FC 12 00 00 1C 0C 00 00 78 00 00 00 00 00 07 00 00 00 A4 FD
FRAME A5 5A 01 01 4C 00 16 00 46 19 00 00 FC 12 00 00 98 03 00 00 78 00 00 00 00 00 07 00 00 00 4A D5
FRAME A5 5A 01 01 4D 00 16 00 A0 19 00 00 FC 12 00 00 98 03 00 00 78 00 00 00 00 00 07 00 00 00 BA 46
FRAME A5 5A 01 01 4E 00 16 00 FA 19 00 00 FC 12 00 00 98 03 00 00 78 00 00 00 00 00 07 00 00 00 CE 40
FRAME A5 5A 01 01 4F 00 16 00 54 1A 00 00 FC 12 00 00 98 03 00 00 78 00 00 00 00 00 07 00 00 00 C0 72
FRAME A5 5A 01 01 50 00 16 00 AE 1A 00 00 FC 12 00 00 98 03 00 00 78 00 00 00 00 00 08 00 00 00 A6 AD
FAULT deliberate sensor read hang injected
STAT boot=1
STAT wd_resets=0
STAT frames=80
STAT seq=81
STAT uptime_ms=8000
STAT boot=1
STAT wd_resets=0
STAT frames=80
STAT seq=81
STAT uptime_ms=9000
WATCHDOG sampling task stalled, forcing reset

BOOT edge-health-monitor board=lm3s6965evb
BOOT boot_count=2 wd_resets=1
FRAME A5 5A 01 01 01 00 16 00 38 18 00 00 FC 12 00 00 98 03 00 00 78 00 00 00 00 00 00 00 00 00 C1 5E
FRAME A5 5A 01 01 02 00 16 00 92 18 00 00 FC 12 00 00 98 03 00 00 78 00 00 00 00 00 00 00 00 00 4A 13
FRAME A5 5A 01 01 03 00 16 00 EC 18 00 00 FC 12 00 00 98 03 00 00 78 00 00 00 00 00 00 00 00 00 AA 43
FRAME A5 5A 01 01 04 00 16 00 46 19 00 00 FC 12 00 00 98 03 00 00 78 00 00 00 00 00 00 00 00 00 D4 E0
FRAME A5 5A 01 01 05 00 16 00 A0 19 00 00 FC 12 00 00 98 03 00 00 78 00 00 00 00 00 00 00 00 00 24 73
FRAME A5 5A 01 01 06 00 16 00 FA 19 00 00 FC 12 00 00 98 03 00 00 78 00 00 00 00 00 00 00 00 00 50 75
FRAME A5 5A 01 01 07 00 16 00 54 1A 00 00 FC 12 00 00 98 03 00 00 78 00 00 00 00 00 00 00 00 00 5E 47
FRAME A5 5A 01 01 08 00 16 00 AE 1A 00 00 FC 12 00 00 98 03 00 00 78 00 00 00 00 00 00 00 00 00 AF 73
FRAME A5 5A 01 01 09 00 16 00 08 1B 00 00 FC 12 00 00 98 03 00 00 78 00 00 00 00 00 00 00 00 00 0B 05
FRAME A5 5A 01 01 0A 00 16 00 62 1B 00 00 FC 12 00 00 98 03 00 00 78 00 00 00 00 00 01 00 00 00 4D E8
FRAME A5 5A 01 01 0B 00 16 00 BC 1B 00 00 FC 12 00 00 98 03 00 00 78 00 00 00 00 00 01 00 00 00 07 CA
STAT boot=2
STAT wd_resets=1
STAT frames=11
STAT seq=12
STAT uptime_ms=1000
FRAME A5 5A 01 01 0C 00 16 00 16 1C 00 00 FC 12 00 00 98 03 00 00 78 00 00 00 00 00 01 00 00 00 1F 0F
FRAME A5 5A 01 01 0D 00 16 00 70 1C 00 00 FC 12 00 00 98 03 00 00 78 00 00 00 00 00 01 00 00 00 67 F4
FRAME A5 5A 01 01 0E 00 16 00 CA 1C 00 00 FC 12 00 00 98 03 00 00 78 00 00 00 00 00 01 00 00 00 FD B4
FRAME A5 5A 01 01 0F 00 16 00 24 1D 00 00 FC 12 00 00 1C 0C 00 00 78 00 00 00 00 00 01 00 00 00 04 DB
FRAME A5 5A 01 01 10 00 16 00 7E 1D 00 00 FC 12 00 00 98 03 00 00 78 00 00 00 00 00 01 00 00 00 5B E9
FRAME A5 5A 01 01 11 00 16 00 D8 1D 00 00 FC 12 00 00 98 03 00 00 78 00 00 00 00 00 01 00 00 00 EF 4E
FRAME A5 5A 01 01 12 00 16 00 32 1E 00 00 FC 12 00 00 98 03 00 00 70 03 00 00 00 00 01 00 00 00 86 1E
FRAME A5 5A 01 01 13 00 16 00 8C 1E 00 00 FC 12 00 00 98 03 00 00 78 00 00 00 00 00 01 00 00 00 3F 08
FRAME A5 5A 01 01 14 00 16 00 E6 1E 00 00 FC 12 00 00 98 03 00 00 78 00 00 00 00 00 02 00 00 00 9D 62
FRAME A5 5A 01 01 15 00 16 00 40 1F 00 00 FC 12 00 00 98 03 00 00 78 00 00 00 00 00 02 00 00 00 39 14
STAT boot=2
STAT wd_resets=1
STAT frames=21
STAT seq=22
STAT uptime_ms=2000
FRAME A5 5A 01 01 16 00 16 00 9A 1F 00 00 FC 12 00 00 98 03 00 00 78 00 00 00 00 00 02 00 00 00 C5 7A
FRAME A5 5A 01 01 17 00 16 00 F4 1F 00 00 FC 12 00 00 98 03 00 00 78 00 00 00 01 00 02 00 00 00 35 F6
FRAME A5 5A 01 01 18 00 16 00 4E 20 00 00 FC 12 00 00 98 03 00 00 78 00 00 00 00 00 02 00 00 00 4B 2B
FRAME A5 5A 01 01 19 00 16 00 38 18 00 00 FC 12 00 00 98 03 00 00 78 00 00 00 00 00 02 00 00 00 9E 66
FRAME A5 5A 01 01 1A 00 16 00 92 18 00 00 FC 12 00 00 98 03 00 00 78 00 00 00 00 00 02 00 00 00 15 2B
FRAME A5 5A 01 01 1B 00 16 00 EC 18 00 00 FC 12 00 00 98 03 00 00 78 00 00 00 00 00 02 00 00 00 F5 7B
FRAME A5 5A 01 01 1C 00 16 00 46 19 00 00 FC 12 00 00 98 03 00 00 78 00 00 00 00 00 02 00 00 00 8B D8
FRAME A5 5A 01 01 1D 00 16 00 A0 19 00 00 FC 12 00 00 98 03 00 00 78 00 00 00 00 00 02 00 00 00 7B 4B
FRAME A5 5A 01 01 1E 00 16 00 FA 19 00 00 FC 12 00 00 1C 0C 00 00 78 00 00 00 00 00 03 00 00 00 9E 3A
FRAME A5 5A 01 01 1F 00 16 00 54 1A 00 00 FC 12 00 00 98 03 00 00 78 00 00 00 00 00 03 00 00 00 00 83
STAT boot=2
STAT wd_resets=1
STAT frames=31
STAT seq=32
STAT uptime_ms=3000
FRAME A5 5A 01 01 20 00 16 00 AE 1A 00 00 FC 12 00 00 98 03 00 00 78 00 00 00 00 00 03 00 00 00 4E F7
FRAME A5 5A 01 01 21 00 16 00 08 1B 00 00 FC 12 00 00 98 03 00 00 78 00 00 00 00 00 03 00 00 00 EA 81
FRAME A5 5A 01 01 22 00 16 00 62 1B 00 00 FC 12 00 00 98 03 00 00 78 00 00 00 00 00 03 00 00 00 AD 90
FRAME A5 5A 01 01 23 00 16 00 BC 1B 00 00 FC 12 00 00 98 03 00 00 78 00 00 00 00 00 03 00 00 00 E7 B2
FRAME A5 5A 01 01 24 00 16 00 16 1C 00 00 FC 12 00 00 98 03 00 00 70 03 00 00 00 00 03 00 00 00 6A 6D
FRAME A5 5A 01 01 25 00 16 00 70 1C 00 00 FC 12 00 00 98 03 00 00 78 00 00 00 00 00 03 00 00 00 87 8C
FRAME A5 5A 01 01 26 00 16 00 CA 1C 00 00 FC 12 00 00 98 03 00 00 78 00 00 00 00 00 03 00 00 00 1D CC
FRAME A5 5A 01 01 27 00 16 00 24 1D 00 00 FC 12 00 00 98 03 00 00 78 00 00 00 00 00 03 00 00 00 74 28
FRAME A5 5A 01 01 28 00 16 00 7E 1D 00 00 FC 12 00 00 98 03 00 00 78 00 00 00 00 00 04 00 00 00 2E 1A
FRAME A5 5A 01 01 29 00 16 00 D8 1D 00 00 FC 12 00 00 98 03 00 00 78 00 00 00 00 00 04 00 00 00 9A BD
STAT boot=2
STAT wd_resets=1
STAT frames=41
STAT seq=42
STAT uptime_ms=4000
FRAME A5 5A 01 01 2A 00 16 00 32 1E 00 00 FC 12 00 00 98 03 00 00 78 00 00 00 00 00 04 00 00 00 66 F7
FRAME A5 5A 01 01 2B 00 16 00 8C 1E 00 00 FC 12 00 00 98 03 00 00 78 00 00 00 00 00 04 00 00 00 4A FB
FRAME A5 5A 01 01 2C 00 16 00 E6 1E 00 00 FC 12 00 00 98 03 00 00 78 00 00 00 00 00 04 00 00 00 E8 D5
FRAME A5 5A 01 01 2D 00 16 00 40 1F 00 00 FC 12 00 00 1C 0C 00 00 78 00 00 00 00 00 04 00 00 00 DC 28
FRAME A5 5A 01 01 2E 00 16 00 9A 1F 00 00 FC 12 00 00 98 03 00 00 78 00 00 00 01 00 04 00 00 00 B1 1C
FRAME A5 5A 01 01 2F 00 16 00 F4 1F 00 00 FC 12 00 00 98 03 00 00 78 00 00 00 00 00 04 00 00 00 41 90
FRAME A5 5A 01 01 30 00 16 00 4E 20 00 00 FC 12 00 00 98 03 00 00 78 00 00 00 00 00 04 00 00 00 AA 63
FRAME A5 5A 01 01 31 00 16 00 38 18 00 00 FC 12 00 00 98 03 00 00 78 00 00 00 00 00 04 00 00 00 7F 2E
FRAME A5 5A 01 01 32 00 16 00 92 18 00 00 FC 12 00 00 98 03 00 00 78 00 00 00 00 00 05 00 00 00 F5 9F
FRAME A5 5A 01 01 33 00 16 00 EC 18 00 00 FC 12 00 00 98 03 00 00 78 00 00 00 00 00 05 00 00 00 15 CF
STAT boot=2
STAT wd_resets=1
STAT frames=51
STAT seq=52
STAT uptime_ms=5000
FRAME A5 5A 01 01 34 00 16 00 46 19 00 00 FC 12 00 00 98 03 00 00 78 00 00 00 00 00 05 00 00 00 6B 6C
FRAME A5 5A 01 01 35 00 16 00 A0 19 00 00 FC 12 00 00 98 03 00 00 78 00 00 00 00 00 05 00 00 00 9B FF
FRAME A5 5A 01 01 36 00 16 00 FA 19 00 00 FC 12 00 00 98 03 00 00 70 03 00 00 00 00 05 00 00 00 7A E3
FRAME A5 5A 01 01 37 00 16 00 54 1A 00 00 FC 12 00 00 98 03 00 00 78 00 00 00 00 00 05 00 00 00 E1 CB
FRAME A5 5A 01 01 38 00 16 00 AE 1A 00 00 FC 12 00 00 98 03 00 00 78 00 00 00 00 00 05 00 00 00 10 FF
FRAME A5 5A 01 01 39 00 16 00 08 1B 00 00 FC 12 00 00 98 03 00 00 78 00 00 00 00 00 05 00 00 00 B4 89
FRAME A5 5A 01 01 3A 00 16 00 62 1B 00 00 FC 12 00 00 98 03 00 00 78 00 00 00 00 00 05 00 00 00 F3 98
FRAME A5 5A 01 01 3B 00 16 00 BC 1B 00 00 FC 12 00 00 98 03 00 00 78 00 00 00 00 00 05 00 00 00 B9 BA
FRAME A5 5A 01 01 3C 00 16 00 16 1C 00 00 FC 12 00 00 1C 0C 00 00 78 00 00 00 00 00 06 00 00 00 31 B0
FRAME A5 5A 01 01 3D 00 16 00 70 1C 00 00 FC 12 00 00 98 03 00 00 78 00 00 00 00 00 06 00 00 00 D9 C0
STAT boot=2
STAT wd_resets=1
STAT frames=61
STAT seq=62
STAT uptime_ms=6000
FRAME A5 5A 01 01 3E 00 16 00 CA 1C 00 00 FC 12 00 00 98 03 00 00 78 00 00 00 00 00 06 00 00 00 43 80
FRAME A5 5A 01 01 3F 00 16 00 24 1D 00 00 FC 12 00 00 98 03 00 00 78 00 00 00 00 00 06 00 00 00 2A 64
FRAME A5 5A 01 01 40 00 16 00 7E 1D 00 00 FC 12 00 00 98 03 00 00 78 00 00 00 00 00 06 00 00 00 9B 5C
FRAME A5 5A 01 01 41 00 16 00 D8 1D 00 00 FC 12 00 00 98 03 00 00 78 00 00 00 00 00 06 00 00 00 2F FB
FRAME A5 5A 01 01 42 00 16 00 32 1E 00 00 FC 12 00 00 98 03 00 00 78 00 00 00 00 00 06 00 00 00 D3 B1
FRAME A5 5A 01 01 43 00 16 00 8C 1E 00 00 FC 12 00 00 98 03 00 00 78 00 00 00 00 00 06 00 00 00 FF BD
FRAME A5 5A 01 01 44 00 16 00 E6 1E 00 00 FC 12 00 00 98 03 00 00 78 00 00 00 00 00 06 00 00 00 5D 93
FRAME A5 5A 01 01 45 00 16 00 40 1F 00 00 FC 12 00 00 98 03 00 00 78 00 00 00 01 00 06 00 00 00 F8 34
FRAME A5 5A 01 01 46 00 16 00 9A 1F 00 00 FC 12 00 00 98 03 00 00 78 00 00 00 00 00 07 00 00 00 04 77
FRAME A5 5A 01 01 47 00 16 00 F4 1F 00 00 FC 12 00 00 98 03 00 00 78 00 00 00 00 00 07 00 00 00 F5 2A
STAT boot=2
STAT wd_resets=1
STAT frames=71
STAT seq=72
STAT uptime_ms=7000
FRAME A5 5A 01 01 48 00 16 00 4E 20 00 00 FC 12 00 00 98 03 00 00 70 03 00 00 00 00 07 00 00 00 1F 3C
FRAME A5 5A 01 01 49 00 16 00 38 18 00 00 FC 12 00 00 98 03 00 00 78 00 00 00 00 00 07 00 00 00 5F 6B
FRAME A5 5A 01 01 4A 00 16 00 92 18 00 00 FC 12 00 00 98 03 00 00 78 00 00 00 00 00 07 00 00 00 D4 26
FRAME A5 5A 01 01 4B 00 16 00 EC 18 00 00 FC 12 00 00 1C 0C 00 00 78 00 00 00 00 00 07 00 00 00 A4 FD
FRAME A5 5A 01 01 4C 00 16 00 46 19 00 00 FC 12 00 00 98 03 00 00 78 00 00 00 00 00 07 00 00 00 4A D5
FRAME A5 5A 01 01 4D 00 16 00 A0 19 00 00 FC 12 00 00 98 03 00 00 78 00 00 00 00 00 07 00 00 00 BA 46
FRAME A5 5A 01 01 4E 00 16 00 FA 19 00 00 FC 12 00 00 98 03 00 00 78 00 00 00 00 00 07 00 00 00 CE 40
FRAME A5 5A 01 01 4F 00 16 00 54 1A 00 00 FC 12 00 00 98 03 00 00 78 00 00 00 00 00 07 00 00 00 C0 72
FRAME A5 5A 01 01 50 00 16 00 AE 1A 00 00 FC 12 00 00 98 03 00 00 78 00 00 00 00 00 08 00 00 00 A6 AD
FAULT deliberate sensor read hang injected
STAT boot=2
STAT wd_resets=1
STAT frames=80
STAT seq=81
STAT uptime_ms=8000
STAT boot=2
STAT wd_resets=1
STAT frames=80
STAT seq=81
STAT uptime_ms=9000
WATCHDOG sampling task stalled, forcing reset

BOOT edge-health-monitor board=lm3s6965evb
BOOT boot_count=3 wd_resets=2
FRAME A5 5A 01 01 01 00 16 00 38 18 00 00 FC 12 00 00 98 03 00 00 78 00 00 00 00 00 00 00 00 00 C1 5E
FRAME A5 5A 01 01 02 00 16 00 92 18 00 00 FC 12 00 00 98 03 00 00 78 00 00 00 00 00 00 00 00 00 4A 13
FRAME A5 5A 01 01 03 00 16 00 EC 18 00 00 FC 12 00 00 98 03 00 00 78 00 00 00 00 00 00 00 00 00 AA 43
FRAME A5 5A 01 01 04 00 16 00 46 19 00 00 FC 12 00 00 98 03 00 00 78 00 00 00 00 00 00 00 00 00 D4 E0
FRAME A5 5A 01 01 05 00 16 00 A0 19 00 00 FC 12 00 00 98 03 00 00 78 00 00 00 00 00 00 00 00 00 24 73
FRAME A5 5A 01 01 06 00 16 00 FA 19 00 00 FC 12 00 00 98 03 00 00 78 00 00 00 00 00 00 00 00 00 50 75
FRAME A5 5A 01 01 07 00 16 00 54 1A 00 00 FC 12 00 00 98 03 00 00 78 00 00 00 00 00 00 00 00 00 5E 47
FRAME A5 5A 01 01 08 00 16 00 AE 1A 00 00 FC 12 00 00 98 03 00 00 78 00 00 00 00 00 00 00 00 00 AF 73
FRAME A5 5A 01 01 09 00 16 00 08 1B 00 00 FC 12 00 00 98 03 00 00 78 00 00 00 00 00 00 00 00 00 0B 05
FRAME A5 5A 01 01 0A 00 16 00 62 1B 00 00 FC 12 00 00 98 03 00 00 78 00 00 00 00 00 01 00 00 00 4D E8
FRAME A5 5A 01 01 0B 00 16 00 BC 1B 00 00 FC 12 00 00 98 03 00 00 78 00 00 00 00 00 01 00 00 00 07 CA
STAT boot=3
STAT wd_resets=2
STAT frames=11
STAT seq=12
STAT uptime_ms=1000
FRAME A5 5A 01 01 0C 00 16 00 16 1C 00 00 FC 12 00 00 98 03 00 00 78 00 00 00 00 00 01 00 00 00 1F 0F
FRAME A5 5A 01 01 0D 00 16 00 70 1C 00 00 FC 12 00 00 98 03 00 00 78 00 00 00 00 00 01 00 00 00 67 F4
FRAME A5 5A 01 01 0E 00 16 00 CA 1C 00 00 FC 12 00 00 98 03 00 00 78 00 00 00 00 00 01 00 00 00 FD B4
FRAME A5 5A 01 01 0F 00 16 00 24 1D 00 00 FC 12 00 00 1C 0C 00 00 78 00 00 00 00 00 01 00 00 00 04 DB
FRAME A5 5A 01 01 10 00 16 00 7E 1D 00 00 FC 12 00 00 98 03 00 00 78 00 00 00 00 00 01 00 00 00 5B E9
FRAME A5 5A 01 01 11 00 16 00 D8 1D 00 00 FC 12 00 00 98 03 00 00 78 00 00 00 00 00 01 00 00 00 EF 4E
FRAME A5 5A 01 01 12 00 16 00 32 1E 00 00 FC 12 00 00 98 03 00 00 70 03 00 00 00 00 01 00 00 00 86 1E
FRAME A5 5A 01 01 13 00 16 00 8C 1E 00 00 FC 12 00 00 98 03 00 00 78 00 00 00 00 00 01 00 00 00 3F 08
FRAME A5 5A 01 01 14 00 16 00 E6 1E 00 00 FC 12 00 00 98 03 00 00 78 00 00 00 00 00 02 00 00 00 9D 62
FRAME A5 5A 01 01 15 00 16 00 40 1F 00 00 FC 12 00 00 98 03 00 00 78 00 00 00 00 00 02 00 00 00 39 14
STAT boot=3
STAT wd_resets=2
STAT frames=21
STAT seq=22
STAT uptime_ms=2000
FRAME A5 5A 01 01 16 00 16 00 9A 1F 00 00 FC 12 00 00 98 03 00 00 78 00 00 00 00 00 02 00 00 00 C5 7A
FRAME A5 5A 01 01 17 00 16 00 F4 1F 00 00 FC 12 00 00 98 03 00 00 78 00 00 00 01 00 02 00 00 00 35 F6
FRAME A5 5A 01 01 18 00 16 00 4E 20 00 00 FC 12 00 00 98 03 00 00 78 00 00 00 00 00 02 00 00 00 4B 2B
FRAME A5 5A 01 01 19 00 16 00 38 18 00 00 FC 12 00 00 98 03 00 00 78 00 00 00 00 00 02 00 00 00 9E 66
FRAME A5 5A 01 01 1A 00 16 00 92 18 00 00 FC 12 00 00 98 03 00 00 78 00 00 00 00 00 02 00 00 00 15 2B
FRAME A5 5A 01 01 1B 00 16 00 EC 18 00 00 FC 12 00 00 98 03 00 00 78 00 00 00 00 00 02 00 00 00 F5 7B
FRAME A5 5A 01 01 1C 00 16 00 46 19 00 00 FC 12 00 00 98 03 00 00 78 00 00 00 00 00 02 00 00 00 8B D8
FRAME A5 5A 01 01 1D 00 16 00 A0 19 00 00 FC 12 00 00 98 03 00 00 78 00 00 00 00 00 02 00 00 00 7B 4B
FRAME A5 5A 01 01 1E 00 16 00 FA 19 00 00 FC 12 00 00 1C 0C 00 00 78 00 00 00 00 00 03 00 00 00 9E 3A
FRAME A5 5A 01 01 1F 00 16 00 54 1A 00 00 FC 12 00 00 98 03 00 00 78 00 00 00 00 00 03 00 00 00 00 83
STAT boot=3
STAT wd_resets=2
STAT frames=31
STAT seq=32
STAT uptime_ms=3000
FRAME A5 5A 01 01 20 00 16 00 AE 1A 00 00 FC 12 00 00 98 03 00 00 78 00 00 00 00 00 03 00 00 00 4E F7
FRAME A5 5A 01 01 21 00 16 00 08 1B 00 00 FC 12 00 00 98 03 00 00 78 00 00 00 00 00 03 00 00 00 EA 81
FRAME A5 5A 01 01 22 00 16 00 62 1B 00 00 FC 12 00 00 98 03 00 00 78 00 00 00 00 00 03 00 00 00 AD 90
FRAME A5 5A 01 01 23 00 16 00 BC 1B 00 00 FC 12 00 00 98 03 00 00 78 00 00 00 00 00 03 00 00 00 E7 B2
FRAME A5 5A 01 01 24 00 16 00 16 1C 00 00 FC 12 00 00 98 03 00 00 70 03 00 00 00 00 03 00 00 00 6A 6D
FRAME A5 5A 01 01 25 00 16 00 70 1C 00 00 FC 12 00 00 98 03 00 00 78 00 00 00 00 00 03 00 00 00 87 8C
FRAME A5 5A 01 01 26 00 16 00 CA 1C 00 00 FC 12 00 00 98 03 00 00 78 00 00 00 00 00 03 00 00 00 1D CC
FRAME A5 5A 01 01 27 00 16 00 24 1D 00 00 FC 12 00 00 98 03 00 00 78 00 00 00 00 00 03 00 00 00 74 28
FRAME A5 5A 01 01 28 00 16 00 7E 1D 00 00 FC 12 00 00 98 03 00 00 78 00 00 00 00 00 04 00 00 00 2E 1A
FRAME A5 5A 01 01 29 00 16 00 D8 1D 00 00 FC 12 00 00 98 03 00 00 78 00 00 00 00 00 04 00 00 00 9A BD
STAT boot=3
STAT wd_resets=2
STAT frames=41
STAT seq=42
STAT uptime_ms=4000
FRAME A5 5A 01 01 2A 00 16 00 32 1E 00 00 FC 12 00 00 98 03 00 00 78 00 00 00 00 00 04 00 00 00 66 F7
FRAME A5 5A 01 01 2B 00 16 00 8C 1E 00 00 FC 12 00 00 98 03 00 00 78 00 00 00 00 00 04 00 00 00 4A FB
FRAME A5 5A 01 01 2C 00 16 00 E6 1E 00 00 FC 12 00 00 98 03 00 00 78 00 00 00 00 00 04 00 00 00 E8 D5
FRAME A5 5A 01 01 2D 00 16 00 40 1F 00 00 FC 12 00 00 1C 0C 00 00 78 00 00 00 00 00 04 00 00 00 DC 28
FRAME A5 5A 01 01 2E 00 16 00 9A 1F 00 00 FC 12 00 00 98 03 00 00 78 00 00 00 01 00 04 00 00 00 B1 1C
FRAME A5 5A 01 01 2F 00 16 00 F4 1F 00 00 FC 12 00 00 98 03 00 00 78 00 00 00 00 00 04 00 00 00 41 90
FRAME A5 5A 01 01 30 00 16 00 4E 20 00 00 FC 12 00 00 98 03 00 00 78 00 00 00 00 00 04 00 00 00 AA 63
FRAME A5 5A 01 01 31 00 16 00 38 18 00 00 FC 12 00 00 98 03 00 00 78 00 00 00 00 00 04 00 00 00 7F 2E
FRAME A5 5A 01 01 32 00 16 00 92 18 00 00 FC 12 00 00 98 03 00 00 78 00 00 00 00 00 05 00 00 00 F5 9F
FRAME A5 5A 01 01 33 00 16 00 EC 18 00 00 FC 12 00 00 98 03 00 00 78 00 00 00 00 00 05 00 00 00 15 CF
STAT boot=3
STAT wd_resets=2
STAT frames=51
STAT seq=52
STAT uptime_ms=5000
FRAME A5 5A 01 01 34 00 16 00 46 19 00 00 FC 12 00 00 98 03 00 00 78 00 00 00 00 00 05 00 00 00 6B 6C
FRAME A5 5A 01 01 35 00 16 00 A0 19 00 00 FC 12 00 00 98 03 00 00 78 00 00 00 00 00 05 00 00 00 9B FF
FRAME A5 5A 01 01 36 00 16 00 FA 19 00 00 FC 12 00 00 98 03 00 00 70 03 00 00 00 00 05 00 00 00 7A E3
FRAME A5 5A 01 01 37 00 16 00 54 1A 00 00 FC 12 00 00 98 03 00 00 78 00 00 00 00 00 05 00 00 00 E1 CB
FRAME A5 5A 01 01 38 00 16 00 AE 1A 00 00 FC 12 00 00 98 03 00 00 78 00 00 00 00 00 05 00 00 00 10 FF
FRAME A5 5A 01 01 39 00 16 00 08 1B 00 00 FC 12 00 00 98 03 00 00 78 00 00 00 00 00 05 00 00 00 B4 89
FRAME A5 5A 01 01 3A 00 16 00 62 1B 00 00 FC 12 00 00 98 03 00 00 78 00 00 00 00 00 05 00 00 00 F3 98
FRAME A5 5A 01 01 3B 00 16 00 BC 1B 00 00 FC 12 00 00 98 03 00 00 78 00 00 00 00 00 05 00 00 00 B9 BA
FRAME A5 5A 01 01 3C 00 16 00 16 1C 00 00 FC 12 00 00 1C 0C 00 00 78 00 00 00 00 00 06 00 00 00 31 B0
FRAME A5 5A 01 01 3D 00 16 00 70 1C 00 00 FC 12 00 00 98 03 00 00 78 00 00 00 00 00 06 00 00 00 D9 C0
STAT boot=3
STAT wd_resets=2
STAT frames=61
STAT seq=62
STAT uptime_ms=6000
FRAME A5 5A 01 01 3E 00 16 00 CA 1C 00 00 FC 12 00 00 98 03 00 00 78 00 00 00 00 00 06 00 00 00 43 80
FRAME A5 5A 01 01 3F 00 16 00 24 1D 00 00 FC 12 00 00 98 03 00 00 78 00 00 00 00 00 06 00 00 00 2A 64
FRAME A5 5A 01 01 40 00 16 00 7E 1D 00 00 FC 12 00 00 98 03 00 00 78 00 00 00 00 00 06 00 00 00 9B 5C
FRAME A5 5A 01 01 41 00 16 00 D8 1D 00 00 FC 12 00 00 98 03 00 00 78 00 00 00 00 00 06 00 00 00 2F FB
FRAME A5 5A 01 01 42 00 16 00 32 1E 00 00 FC 12 00 00 98 03 00 00 78 00 00 00 00 00 06 00 00 00 D3 B1
FRAME A5 5A 01 01 43 00 16 00 8C 1E 00 00 FC 12 00 00 98 03 00 00 78 00 00 00 00 00 06 00 00 00 FF BD
FRAME A5 5A 01 01 44 00 16 00 E6 1E 00 00 FC 12 00 00 98 03 00 00 78 00 00 00 00 00 06 00 00 00 5D 93
FRAME A5 5A 01 01 45 00 16 00 40 1F 00 00 FC 12 00 00 98 03 00 00 78 00 00 00 01 00 06 00 00 00 F8 34
FRAME A5 5A 01 01 46 00 16 00 9A 1F 00 00 FC 12 00 00 98 03 00 00 78 00 00 00 00 00 07 00 00 00 04 77
FRAME A5 5A 01 01 47 00 16 00 F4 1F 00 00 FC 12 00 00 98 03 00 00 78 00 00 00 00 00 07 00 00 00 F5 2A
STAT boot=3
STAT wd_resets=2
STAT frames=71
STAT seq=72
STAT uptime_ms=7000
FRAME A5 5A 01 01 48 00 16 00 4E 20 00 00 FC 12 00 00 98 03 00 00 70 03 00 00 00 00 07 00 00 00 1F 3C
FRAME A5 5A 01 01 49 00 16 00 38 18 00 00 FC 12 00 00 98 03 00 00 78 00 00 00 00 00 07 00 00 00 5F 6B
FRAME A5 5A 01 01 4A 00 16 00 92 18 00 00 FC 12 00 00 98 03 00 00 78 00 00 00 00 00 07 00 00 00 D4 26
FRAME A5 5A 01 01 4B 00 16 00 EC 18 00 00 FC 12 00 00 1C 0C 00 00 78 00 00 00 00 00 07 00 00 00 A4 FD
FRAME A5 5A 01 01 4C 00 16 00 46 19 00 00 FC 12 00 00 98 03 00 00 78 00 00 00 00 00 07 00 00 00 4A D5
FRAME A5 5A 01 01 4D 00 16 00 A0 19 00 00 FC 12 00 00 98 03 00 00 78 00 00 00 00 00 07 00 00 00 BA 46
FRAME A5 5A 01 01 4E 00 16 00 FA 19 00 00 FC 12 00 00 98 03 00 00 78 00 00 00 00 00 07 00 00 00 CE 40
FRAME A5 5A 01 01 4F 00 16 00 54 1A 00 00 FC 12 00 00 98 03 00 00 78 00 00 00 00 00 07 00 00 00 C0 72
FRAME A5 5A 01 01 50 00 16 00 AE 1A 00 00 FC 12 00 00 98 03 00 00 78 00 00 00 00 00 08 00 00 00 A6 AD
FAULT deliberate sensor read hang injected
STAT boot=3
STAT wd_resets=2
STAT frames=80
STAT seq=81
STAT uptime_ms=8000
STAT boot=3
STAT wd_resets=2
STAT frames=80
STAT seq=81
STAT uptime_ms=9000
WATCHDOG sampling task stalled, forcing reset

BOOT edge-health-monitor board=lm3s6965evb
BOOT boot_count=4 wd_resets=3
FRAME A5 5A 01 01 01 00 16 00 38 18 00 00 FC 12 00 00 98 03 00 00 78 00 00 00 00 00 00 00 00 00 C1 5E
FRAME A5 5A 01 01 02 00 16 00 92 18 00 00 FC 12 00 00 98 03 00 00 78 00 00 00 00 00 00 00 00 00 4A 13
FRAME A5 5A 01 01 03 00 16 00 EC 18 00 00 FC 12 00 00 98 03 00 00 78 00 00 00 00 00 00 00 00 00 AA 43
FRAME A5 5A 01 01 04 00 16 00 46 19 00 00 FC 12 00 00 98 03 00 00 78 00 00 00 00 00 00 00 00 00 D4 E0
